2026-04-21 13:49:07,601 INFO o.a.j.u.JMeterUtils: Setting Locale to en_EN
2026-04-21 13:49:07,615 INFO o.a.j.JMeter: Loading user properties from: /opt/homebrew/Cellar/jmeter/5.6.3/libexec/bin/user.properties
2026-04-21 13:49:07,615 INFO o.a.j.JMeter: Loading system properties from: /opt/homebrew/Cellar/jmeter/5.6.3/libexec/bin/system.properties
2026-04-21 13:49:07,618 INFO o.a.j.JMeter: Copyright (c) 1998-2024 The Apache Software Foundation
2026-04-21 13:49:07,618 INFO o.a.j.JMeter: Version 5.6.3
2026-04-21 13:49:07,618 INFO o.a.j.JMeter: java.version=21.0.9
2026-04-21 13:49:07,618 INFO o.a.j.JMeter: java.vm.name=OpenJDK 64-Bit Server VM
2026-04-21 13:49:07,618 INFO o.a.j.JMeter: os.name=Mac OS X
2026-04-21 13:49:07,618 INFO o.a.j.JMeter: os.arch=aarch64
2026-04-21 13:49:07,618 INFO o.a.j.JMeter: os.version=26.4.1
2026-04-21 13:49:07,618 INFO o.a.j.JMeter: file.encoding=UTF-8
2026-04-21 13:49:07,618 INFO o.a.j.JMeter: java.awt.headless=null
2026-04-21 13:49:07,618 INFO o.a.j.JMeter: Max memory     =1073741824
2026-04-21 13:49:07,618 INFO o.a.j.JMeter: Available Processors =8
2026-04-21 13:49:07,624 INFO o.a.j.JMeter: Default Locale=English (EN)
2026-04-21 13:49:07,624 INFO o.a.j.JMeter: JMeter  Locale=English (EN)
2026-04-21 13:49:07,624 INFO o.a.j.JMeter: JMeterHome=/opt/homebrew/Cellar/jmeter/5.6.3/libexec
2026-04-21 13:49:07,624 INFO o.a.j.JMeter: user.dir  =/Users/ch.h/Documents/APP2000/APP2000_G03_26
2026-04-21 13:49:07,624 INFO o.a.j.JMeter: PWD       =/Users/ch.h/Documents/APP2000/APP2000_G03_26
2026-04-21 13:49:07,627 INFO o.a.j.JMeter: IP: 127.0.0.1 Name: Christians-MacBook-Air.local FullName: localhost
2026-04-21 13:49:07,636 INFO o.a.j.JMeter: Loaded icon properties from org/apache/jmeter/images/icon.properties
2026-04-21 13:49:08,977 INFO o.a.j.JMeterGuiLauncher: Setting LAF to: laf:javax.swing.plaf.nimbus.NimbusLookAndFeel
2026-04-21 13:49:11,468 INFO o.a.j.r.ClassFinder: Will scan jar /opt/homebrew/Cellar/jmeter/5.6.3/libexec/lib/ext/jmeter-plugins-manager-1.9.jar with filter ExtendsClassFilter [parents=[interface org.apache.jmeter.gui.action.Command], inner=false, contains=null, notContains=null]. Consider exposing JMeter plugins via META-INF/services, and add JMeter-Skip-Class-Scanning=true manifest attribute so JMeter can skip classfile scanning
2026-04-21 13:49:11,591 INFO o.a.j.r.ClassFinder: Will scan jar /opt/homebrew/Cellar/jmeter/5.6.3/libexec/lib/ext/jmeter-plugins-manager-1.9.jar with filter ExtendsClassFilter [parents=[interface org.apache.jmeter.gui.plugin.MenuCreator], inner=false, contains=null, notContains=null]. Consider exposing JMeter plugins via META-INF/services, and add JMeter-Skip-Class-Scanning=true manifest attribute so JMeter can skip classfile scanning
2026-04-21 13:49:11,652 INFO o.j.r.JARSourceHTTP: Requesting https://jmeter-plugins.org/repo/?installID=mac_os_x-78189d97dad58c5f7abe1da8903182cf-gui
2026-04-21 13:49:13,173 INFO o.j.r.PluginManager: Plugins Status: [jpgc-plugins-manager=1.9, jmeter-core=5.6.3, jmeter-ftp=5.6.3, jmeter-http=5.6.3, jmeter-jdbc=5.6.3, jmeter-jms=5.6.3, jmeter-junit=5.6.3, jmeter-java=5.6.3, jmeter-ldap=5.6.3, jmeter-mail=5.6.3, jmeter-mongodb=5.6.3, jmeter-native=5.6.3, jmeter-tcp=5.6.3, jmeter-components=5.6.3]
2026-04-21 13:49:13,241 INFO o.j.r.PluginManagerMenuItem: Plugins Manager has upgrades: [jpgc-plugins-manager]
2026-04-21 13:50:05,239 INFO o.a.j.p.h.s.HTTPSamplerBase: Parser for text/html is org.apache.jmeter.protocol.http.parser.LagartoBasedHtmlParser
2026-04-21 13:50:05,240 INFO o.a.j.p.h.s.HTTPSamplerBase: Parser for application/xhtml+xml is org.apache.jmeter.protocol.http.parser.LagartoBasedHtmlParser
2026-04-21 13:50:05,240 INFO o.a.j.p.h.s.HTTPSamplerBase: Parser for application/xml is org.apache.jmeter.protocol.http.parser.LagartoBasedHtmlParser
2026-04-21 13:50:05,240 INFO o.a.j.p.h.s.HTTPSamplerBase: Parser for text/xml is org.apache.jmeter.protocol.http.parser.LagartoBasedHtmlParser
2026-04-21 13:50:05,240 INFO o.a.j.p.h.s.HTTPSamplerBase: Parser for text/vnd.wap.wml is org.apache.jmeter.protocol.http.parser.RegexpHTMLParser
2026-04-21 13:50:05,240 INFO o.a.j.p.h.s.HTTPSamplerBase: Parser for text/css is org.apache.jmeter.protocol.http.parser.CssParser
2026-04-21 13:53:54,270 INFO o.a.j.s.SampleResult: Note: Sample TimeStamps are START times
2026-04-21 13:53:54,271 INFO o.a.j.s.SampleResult: sampleresult.default.encoding is set to UTF-8
2026-04-21 13:53:54,271 INFO o.a.j.s.SampleResult: sampleresult.useNanoTime=true
2026-04-21 13:53:54,271 INFO o.a.j.s.SampleResult: sampleresult.nanoThreadSleep=5000
2026-04-21 13:53:54,419 INFO o.a.j.r.ClassFinder: Will scan jar /opt/homebrew/Cellar/jmeter/5.6.3/libexec/lib/ext/jmeter-plugins-manager-1.9.jar with filter ExtendsClassFilter [parents=[interface org.apache.jmeter.visualizers.ResultRenderer], inner=false, contains=null, notContains=null]. Consider exposing JMeter plugins via META-INF/services, and add JMeter-Skip-Class-Scanning=true manifest attribute so JMeter can skip classfile scanning
2026-04-21 13:53:54,438 INFO o.a.j.r.ClassFinder: Will scan jar /opt/homebrew/Cellar/jmeter/5.6.3/libexec/lib/ext/jmeter-plugins-manager-1.9.jar with filter ExtendsClassFilter [parents=[interface org.apache.jmeter.visualizers.RequestView], inner=false, contains=null, notContains=null]. Consider exposing JMeter plugins via META-INF/services, and add JMeter-Skip-Class-Scanning=true manifest attribute so JMeter can skip classfile scanning
2026-04-21 13:54:07,488 INFO o.a.j.e.StandardJMeterEngine: Running the test!
2026-04-21 13:54:07,490 INFO o.a.j.s.SampleEvent: List of sample_variables: []
2026-04-21 13:54:07,491 INFO o.a.j.s.SampleEvent: List of sample_variables: []
2026-04-21 13:54:07,493 INFO o.a.j.e.u.CompoundVariable: Note: Function class names must contain the string: '.functions.'
2026-04-21 13:54:07,493 INFO o.a.j.e.u.CompoundVariable: Note: Function class names must not contain the string: '.gui.'
2026-04-21 13:54:07,544 INFO o.a.j.r.ClassFinder: Will scan jar /opt/homebrew/Cellar/jmeter/5.6.3/libexec/lib/ext/jmeter-plugins-manager-1.9.jar with filter ExtendsClassFilter [parents=[interface org.apache.jmeter.functions.Function], inner=false, contains=null, notContains=null]. Consider exposing JMeter plugins via META-INF/services, and add JMeter-Skip-Class-Scanning=true manifest attribute so JMeter can skip classfile scanning
2026-04-21 13:54:07,551 INFO o.a.j.g.u.JMeterMenuBar: setRunning(true, *local*)
2026-04-21 13:54:07,615 INFO o.a.j.e.StandardJMeterEngine: Starting ThreadGroup: 1 : Thread Group
2026-04-21 13:54:07,615 INFO o.a.j.e.StandardJMeterEngine: Starting 50 threads for group Thread Group.
2026-04-21 13:54:07,615 INFO o.a.j.e.StandardJMeterEngine: Thread will continue on error
2026-04-21 13:54:07,615 INFO o.a.j.t.ThreadGroup: Starting thread group... number=1 threads=50 ramp-up=10 delayedStart=false
2026-04-21 13:54:07,618 INFO o.a.j.t.JMeterThread: Thread started: Thread Group 1-1
2026-04-21 13:54:07,626 INFO o.a.j.p.h.s.HTTPHCAbstractImpl: Local host = Christians-MacBook-Air.local
2026-04-21 13:54:07,632 INFO o.a.j.t.ThreadGroup: Started thread group number 1
2026-04-21 13:54:07,632 INFO o.a.j.e.StandardJMeterEngine: All thread groups have been started
2026-04-21 13:54:07,633 INFO o.a.j.p.h.s.HTTPHC4Impl: HTTP request retry count = 0
2026-04-21 13:54:07,798 INFO o.a.j.t.JMeterThread: Thread is done: Thread Group 1-1
2026-04-21 13:54:07,799 INFO o.a.j.t.JMeterThread: Thread finished: Thread Group 1-1
2026-04-21 13:54:07,821 INFO o.a.j.t.JMeterThread: Thread started: Thread Group 1-2
2026-04-21 13:54:07,887 INFO o.a.j.t.JMeterThread: Thread is done: Thread Group 1-2
2026-04-21 13:54:07,887 INFO o.a.j.t.JMeterThread: Thread finished: Thread Group 1-2
2026-04-21 13:54:08,021 INFO o.a.j.t.JMeterThread: Thread started: Thread Group 1-3
2026-04-21 13:54:08,093 INFO o.a.j.t.JMeterThread: Thread is done: Thread Group 1-3
2026-04-21 13:54:08,094 INFO o.a.j.t.JMeterThread: Thread finished: Thread Group 1-3
2026-04-21 13:54:08,221 INFO o.a.j.t.JMeterThread: Thread started: Thread Group 1-4
2026-04-21 13:54:08,305 INFO o.a.j.t.JMeterThread: Thread is done: Thread Group 1-4
2026-04-21 13:54:08,305 INFO o.a.j.t.JMeterThread: Thread finished: Thread Group 1-4
2026-04-21 13:54:08,421 INFO o.a.j.t.JMeterThread: Thread started: Thread Group 1-5
2026-04-21 13:54:08,488 INFO o.a.j.t.JMeterThread: Thread is done: Thread Group 1-5
2026-04-21 13:54:08,488 INFO o.a.j.t.JMeterThread: Thread finished: Thread Group 1-5
2026-04-21 13:54:08,620 INFO o.a.j.t.JMeterThread: Thread started: Thread Group 1-6
2026-04-21 13:54:08,710 INFO o.a.j.t.JMeterThread: Thread is done: Thread Group 1-6
2026-04-21 13:54:08,710 INFO o.a.j.t.JMeterThread: Thread finished: Thread Group 1-6
2026-04-21 13:54:08,821 INFO o.a.j.t.JMeterThread: Thread started: Thread Group 1-7
2026-04-21 13:54:08,884 INFO o.a.j.t.JMeterThread: Thread is done: Thread Group 1-7
2026-04-21 13:54:08,884 INFO o.a.j.t.JMeterThread: Thread finished: Thread Group 1-7
2026-04-21 13:54:09,021 INFO o.a.j.t.JMeterThread: Thread started: Thread Group 1-8
2026-04-21 13:54:09,087 INFO o.a.j.t.JMeterThread: Thread is done: Thread Group 1-8
2026-04-21 13:54:09,087 INFO o.a.j.t.JMeterThread: Thread finished: Thread Group 1-8
2026-04-21 13:54:09,221 INFO o.a.j.t.JMeterThread: Thread started: Thread Group 1-9
2026-04-21 13:54:09,293 INFO o.a.j.t.JMeterThread: Thread is done: Thread Group 1-9
2026-04-21 13:54:09,293 INFO o.a.j.t.JMeterThread: Thread finished: Thread Group 1-9
2026-04-21 13:54:09,420 INFO o.a.j.t.JMeterThread: Thread started: Thread Group 1-10
2026-04-21 13:54:09,479 INFO o.a.j.t.JMeterThread: Thread is done: Thread Group 1-10
2026-04-21 13:54:09,479 INFO o.a.j.t.JMeterThread: Thread finished: Thread Group 1-10
2026-04-21 13:54:09,621 INFO o.a.j.t.JMeterThread: Thread started: Thread Group 1-11
2026-04-21 13:54:09,690 INFO o.a.j.t.JMeterThread: Thread is done: Thread Group 1-11
2026-04-21 13:54:09,691 INFO o.a.j.t.JMeterThread: Thread finished: Thread Group 1-11
2026-04-21 13:54:09,820 INFO o.a.j.t.JMeterThread: Thread started: Thread Group 1-12
2026-04-21 13:54:09,887 INFO o.a.j.t.JMeterThread: Thread is done: Thread Group 1-12
2026-04-21 13:54:09,888 INFO o.a.j.t.JMeterThread: Thread finished: Thread Group 1-12
2026-04-21 13:54:10,020 INFO o.a.j.t.JMeterThread: Thread started: Thread Group 1-13
2026-04-21 13:54:10,093 INFO o.a.j.t.JMeterThread: Thread is done: Thread Group 1-13
2026-04-21 13:54:10,093 INFO o.a.j.t.JMeterThread: Thread finished: Thread Group 1-13
2026-04-21 13:54:10,220 INFO o.a.j.t.JMeterThread: Thread started: Thread Group 1-14
2026-04-21 13:54:10,289 INFO o.a.j.t.JMeterThread: Thread is done: Thread Group 1-14
2026-04-21 13:54:10,289 INFO o.a.j.t.JMeterThread: Thread finished: Thread Group 1-14
2026-04-21 13:54:10,421 INFO o.a.j.t.JMeterThread: Thread started: Thread Group 1-15
2026-04-21 13:54:10,505 INFO o.a.j.t.JMeterThread: Thread is done: Thread Group 1-15
2026-04-21 13:54:10,505 INFO o.a.j.t.JMeterThread: Thread finished: Thread Group 1-15
2026-04-21 13:54:10,620 INFO o.a.j.t.JMeterThread: Thread started: Thread Group 1-16
2026-04-21 13:54:10,679 INFO o.a.j.t.JMeterThread: Thread is done: Thread Group 1-16
2026-04-21 13:54:10,679 INFO o.a.j.t.JMeterThread: Thread finished: Thread Group 1-16
2026-04-21 13:54:10,820 INFO o.a.j.t.JMeterThread: Thread started: Thread Group 1-17
2026-04-21 13:54:10,891 INFO o.a.j.t.JMeterThread: Thread is done: Thread Group 1-17
2026-04-21 13:54:10,891 INFO o.a.j.t.JMeterThread: Thread finished: Thread Group 1-17
2026-04-21 13:54:11,022 INFO o.a.j.t.JMeterThread: Thread started: Thread Group 1-18
2026-04-21 13:54:11,077 INFO o.a.j.t.JMeterThread: Thread is done: Thread Group 1-18
2026-04-21 13:54:11,077 INFO o.a.j.t.JMeterThread: Thread finished: Thread Group 1-18
2026-04-21 13:54:11,221 INFO o.a.j.t.JMeterThread: Thread started: Thread Group 1-19
2026-04-21 13:54:11,291 INFO o.a.j.t.JMeterThread: Thread is done: Thread Group 1-19
2026-04-21 13:54:11,291 INFO o.a.j.t.JMeterThread: Thread finished: Thread Group 1-19
2026-04-21 13:54:11,420 INFO o.a.j.t.JMeterThread: Thread started: Thread Group 1-20
2026-04-21 13:54:11,474 INFO o.a.j.t.JMeterThread: Thread is done: Thread Group 1-20
2026-04-21 13:54:11,475 INFO o.a.j.t.JMeterThread: Thread finished: Thread Group 1-20
2026-04-21 13:54:11,621 INFO o.a.j.t.JMeterThread: Thread started: Thread Group 1-21
2026-04-21 13:54:11,678 INFO o.a.j.t.JMeterThread: Thread is done: Thread Group 1-21
2026-04-21 13:54:11,678 INFO o.a.j.t.JMeterThread: Thread finished: Thread Group 1-21
2026-04-21 13:54:11,821 INFO o.a.j.t.JMeterThread: Thread started: Thread Group 1-22
2026-04-21 13:54:11,884 INFO o.a.j.t.JMeterThread: Thread is done: Thread Group 1-22
2026-04-21 13:54:11,884 INFO o.a.j.t.JMeterThread: Thread finished: Thread Group 1-22
2026-04-21 13:54:12,020 INFO o.a.j.t.JMeterThread: Thread started: Thread Group 1-23
2026-04-21 13:54:12,080 INFO o.a.j.t.JMeterThread: Thread is done: Thread Group 1-23
2026-04-21 13:54:12,080 INFO o.a.j.t.JMeterThread: Thread finished: Thread Group 1-23
2026-04-21 13:54:12,220 INFO o.a.j.t.JMeterThread: Thread started: Thread Group 1-24
2026-04-21 13:54:12,290 INFO o.a.j.t.JMeterThread: Thread is done: Thread Group 1-24
2026-04-21 13:54:12,290 INFO o.a.j.t.JMeterThread: Thread finished: Thread Group 1-24
2026-04-21 13:54:12,418 INFO o.a.j.t.JMeterThread: Thread started: Thread Group 1-25
2026-04-21 13:54:12,490 INFO o.a.j.t.JMeterThread: Thread is done: Thread Group 1-25
2026-04-21 13:54:12,490 INFO o.a.j.t.JMeterThread: Thread finished: Thread Group 1-25
2026-04-21 13:54:12,621 INFO o.a.j.t.JMeterThread: Thread started: Thread Group 1-26
2026-04-21 13:54:12,687 INFO o.a.j.t.JMeterThread: Thread is done: Thread Group 1-26
2026-04-21 13:54:12,688 INFO o.a.j.t.JMeterThread: Thread finished: Thread Group 1-26
2026-04-21 13:54:12,820 INFO o.a.j.t.JMeterThread: Thread started: Thread Group 1-27
2026-04-21 13:54:12,887 INFO o.a.j.t.JMeterThread: Thread is done: Thread Group 1-27
2026-04-21 13:54:12,887 INFO o.a.j.t.JMeterThread: Thread finished: Thread Group 1-27
2026-04-21 13:54:13,020 INFO o.a.j.t.JMeterThread: Thread started: Thread Group 1-28
2026-04-21 13:54:13,094 INFO o.a.j.t.JMeterThread: Thread is done: Thread Group 1-28
2026-04-21 13:54:13,094 INFO o.a.j.t.JMeterThread: Thread finished: Thread Group 1-28
2026-04-21 13:54:13,220 INFO o.a.j.t.JMeterThread: Thread started: Thread Group 1-29
2026-04-21 13:54:13,300 INFO o.a.j.t.JMeterThread: Thread is done: Thread Group 1-29
2026-04-21 13:54:13,300 INFO o.a.j.t.JMeterThread: Thread finished: Thread Group 1-29
2026-04-21 13:54:13,421 INFO o.a.j.t.JMeterThread: Thread started: Thread Group 1-30
2026-04-21 13:54:13,499 INFO o.a.j.t.JMeterThread: Thread is done: Thread Group 1-30
2026-04-21 13:54:13,499 INFO o.a.j.t.JMeterThread: Thread finished: Thread Group 1-30
2026-04-21 13:54:13,621 INFO o.a.j.t.JMeterThread: Thread started: Thread Group 1-31
2026-04-21 13:54:13,701 INFO o.a.j.t.JMeterThread: Thread is done: Thread Group 1-31
2026-04-21 13:54:13,702 INFO o.a.j.t.JMeterThread: Thread finished: Thread Group 1-31
2026-04-21 13:54:13,820 INFO o.a.j.t.JMeterThread: Thread started: Thread Group 1-32
2026-04-21 13:54:13,899 INFO o.a.j.t.JMeterThread: Thread is done: Thread Group 1-32
2026-04-21 13:54:13,899 INFO o.a.j.t.JMeterThread: Thread finished: Thread Group 1-32
2026-04-21 13:54:14,020 INFO o.a.j.t.JMeterThread: Thread started: Thread Group 1-33
2026-04-21 13:54:14,086 INFO o.a.j.t.JMeterThread: Thread is done: Thread Group 1-33
2026-04-21 13:54:14,087 INFO o.a.j.t.JMeterThread: Thread finished: Thread Group 1-33
2026-04-21 13:54:14,216 INFO o.a.j.t.JMeterThread: Thread started: Thread Group 1-34
2026-04-21 13:54:14,288 INFO o.a.j.t.JMeterThread: Thread is done: Thread Group 1-34
2026-04-21 13:54:14,288 INFO o.a.j.t.JMeterThread: Thread finished: Thread Group 1-34
2026-04-21 13:54:14,420 INFO o.a.j.t.JMeterThread: Thread started: Thread Group 1-35
2026-04-21 13:54:14,485 INFO o.a.j.t.JMeterThread: Thread is done: Thread Group 1-35
2026-04-21 13:54:14,485 INFO o.a.j.t.JMeterThread: Thread finished: Thread Group 1-35
2026-04-21 13:54:14,620 INFO o.a.j.t.JMeterThread: Thread started: Thread Group 1-36
2026-04-21 13:54:14,685 INFO o.a.j.t.JMeterThread: Thread is done: Thread Group 1-36
2026-04-21 13:54:14,685 INFO o.a.j.t.JMeterThread: Thread finished: Thread Group 1-36
2026-04-21 13:54:14,820 INFO o.a.j.t.JMeterThread: Thread started: Thread Group 1-37
2026-04-21 13:54:14,890 INFO o.a.j.t.JMeterThread: Thread is done: Thread Group 1-37
2026-04-21 13:54:14,890 INFO o.a.j.t.JMeterThread: Thread finished: Thread Group 1-37
2026-04-21 13:54:15,021 INFO o.a.j.t.JMeterThread: Thread started: Thread Group 1-38
2026-04-21 13:54:15,086 INFO o.a.j.t.JMeterThread: Thread is done: Thread Group 1-38
2026-04-21 13:54:15,086 INFO o.a.j.t.JMeterThread: Thread finished: Thread Group 1-38
2026-04-21 13:54:15,221 INFO o.a.j.t.JMeterThread: Thread started: Thread Group 1-39
2026-04-21 13:54:15,290 INFO o.a.j.t.JMeterThread: Thread is done: Thread Group 1-39
2026-04-21 13:54:15,290 INFO o.a.j.t.JMeterThread: Thread finished: Thread Group 1-39
2026-04-21 13:54:15,420 INFO o.a.j.t.JMeterThread: Thread started: Thread Group 1-40
2026-04-21 13:54:15,484 INFO o.a.j.t.JMeterThread: Thread is done: Thread Group 1-40
2026-04-21 13:54:15,484 INFO o.a.j.t.JMeterThread: Thread finished: Thread Group 1-40
2026-04-21 13:54:15,620 INFO o.a.j.t.JMeterThread: Thread started: Thread Group 1-41
2026-04-21 13:54:15,691 INFO o.a.j.t.JMeterThread: Thread is done: Thread Group 1-41
2026-04-21 13:54:15,692 INFO o.a.j.t.JMeterThread: Thread finished: Thread Group 1-41
2026-04-21 13:54:15,820 INFO o.a.j.t.JMeterThread: Thread started: Thread Group 1-42
2026-04-21 13:54:15,889 INFO o.a.j.t.JMeterThread: Thread is done: Thread Group 1-42
2026-04-21 13:54:15,889 INFO o.a.j.t.JMeterThread: Thread finished: Thread Group 1-42
2026-04-21 13:54:16,020 INFO o.a.j.t.JMeterThread: Thread started: Thread Group 1-43
2026-04-21 13:54:16,091 INFO o.a.j.t.JMeterThread: Thread is done: Thread Group 1-43
2026-04-21 13:54:16,091 INFO o.a.j.t.JMeterThread: Thread finished: Thread Group 1-43
2026-04-21 13:54:16,219 INFO o.a.j.t.JMeterThread: Thread started: Thread Group 1-44
2026-04-21 13:54:16,281 INFO o.a.j.t.JMeterThread: Thread is done: Thread Group 1-44
2026-04-21 13:54:16,281 INFO o.a.j.t.JMeterThread: Thread finished: Thread Group 1-44
2026-04-21 13:54:16,417 INFO o.a.j.t.JMeterThread: Thread started: Thread Group 1-45
2026-04-21 13:54:16,484 INFO o.a.j.t.JMeterThread: Thread is done: Thread Group 1-45
2026-04-21 13:54:16,484 INFO o.a.j.t.JMeterThread: Thread finished: Thread Group 1-45
2026-04-21 13:54:16,620 INFO o.a.j.t.JMeterThread: Thread started: Thread Group 1-46
2026-04-21 13:54:16,707 INFO o.a.j.t.JMeterThread: Thread is done: Thread Group 1-46
2026-04-21 13:54:16,707 INFO o.a.j.t.JMeterThread: Thread finished: Thread Group 1-46
2026-04-21 13:54:16,821 INFO o.a.j.t.JMeterThread: Thread started: Thread Group 1-47
2026-04-21 13:54:16,884 INFO o.a.j.t.JMeterThread: Thread is done: Thread Group 1-47
2026-04-21 13:54:16,884 INFO o.a.j.t.JMeterThread: Thread finished: Thread Group 1-47
2026-04-21 13:54:17,018 INFO o.a.j.t.JMeterThread: Thread started: Thread Group 1-48
2026-04-21 13:54:17,103 INFO o.a.j.t.JMeterThread: Thread is done: Thread Group 1-48
2026-04-21 13:54:17,103 INFO o.a.j.t.JMeterThread: Thread finished: Thread Group 1-48
2026-04-21 13:54:17,221 INFO o.a.j.t.JMeterThread: Thread started: Thread Group 1-49
2026-04-21 13:54:17,281 INFO o.a.j.t.JMeterThread: Thread is done: Thread Group 1-49
2026-04-21 13:54:17,281 INFO o.a.j.t.JMeterThread: Thread finished: Thread Group 1-49
2026-04-21 13:54:17,416 INFO o.a.j.t.JMeterThread: Thread started: Thread Group 1-50
2026-04-21 13:54:17,485 INFO o.a.j.t.JMeterThread: Thread is done: Thread Group 1-50
2026-04-21 13:54:17,485 INFO o.a.j.t.JMeterThread: Thread finished: Thread Group 1-50
2026-04-21 13:54:17,485 INFO o.a.j.e.StandardJMeterEngine: Notifying test listeners of end of test
2026-04-21 13:54:17,487 INFO o.a.j.s.FileServer: Default base='/Users/ch.h/Documents/APP2000/APP2000_G03_26'
2026-04-21 13:54:17,487 INFO o.a.j.g.u.JMeterMenuBar: setRunning(false, *local*)
